
R version 3.0.1 (2013-05-16) -- "Good Sport"
Copyright (C) 2013 The R Foundation for Statistical Computing
Platform: x86_64-apple-darwin10.8.0 (64-bit)

R is free software and comes with ABSOLUTELY NO WARRANTY.
You are welcome to redistribute it under certain conditions.
Type 'license()' or 'licence()' for distribution details.

  Natural language support but running in an English locale

R is a collaborative project with many contributors.
Type 'contributors()' for more information and
'citation()' on how to cite R or R packages in publications.

Type 'demo()' for some demos, 'help()' for on-line help, or
'help.start()' for an HTML browser interface to help.
Type 'q()' to quit R.

[R.app GUI 1.61 (6492) x86_64-apple-darwin10.8.0]

[History restored from /Users/chelsimoy/.Rapp.history]

> setwd('~/dataviz-fall-2013/bike-crash/')
> 
> data <- read.csv('bike_collision.csv')
> 
> install.packages("maptools")
--- Please select a CRAN mirror for use in this session ---
trying URL 'http://streaming.stat.iastate.edu/CRAN/bin/macosx/contrib/3.0/maptools_0.8-27.tgz'
Content type 'application/x-gzip' length 1685966 bytes (1.6 Mb)
opened URL
==================================================
downloaded 1.6 Mb


The downloaded binary packages are in
	/var/folders/7m/plddkv853tg532crqjdcs8kw0000gn/T//RtmpeuiULo/downloaded_packages
> 
> library(maptools)
Loading required package: sp
Checking rgeos availability: FALSE
 	Note: when rgeos is not available, polygon geometry 	computations in maptools depend on gpclib,
 	which has a restricted licence. It is disabled by default;
 	to enable gpclib, type gpclibPermit()
> 
> shapes <- readShapePoly("planning_neighborhoods/planning_neighborhoods.shp")
> plot(shapes)
> 
> map_data <- data.frame(shapes)
> 
> crash_map <- readShapePoints("Bike.shp")
> 
> plot(crash_map)
> 
> male <- subset(data, Party.Sex.1 == "Male")
> dim(male)
[1] 3479   81
> 
> female <- subset(data, Party.Sex.1 == "Female")
> dim(female)
[1] 1240   81
> 
> head(data)
  Accident.Number Document.Number collision.type Report.Number
1    7.306062e+12              NA          Other            NA
2    7.306081e+12              NA          Other            NA
3    7.306155e+12              NA          Other            NA
4    7.306174e+12              NA          Other            NA
5    7.309086e+12              NA          Other            NA
6    7.310131e+12              NA          Other            NA
  Primary.Road Secondary.Road Crossing.Number
1     Ellis St Leavenworth St               0
2     43rd Ave      Rivera St               0
3  Ofarrell St      Larkin St               0
4   Mission St        24th St               0
5      14th St      Market St               0
6      Post St        Hyde St               0
                   location intersection.number distance direction
1 Ellis St & Leavenworth St                   0       2'      West
2      43rd Ave & Rivera St                   0     225'     South
3   Ofarrell St & Larkin St                   0       5'      East
4      Mission St & 24th St                   0     191'     South
5       14th St & Market St                   0      12'     South
6         Post St & Hyde St                   0     265'      East
    date       time   primary.collision.factor vc.violation
1 1/2/00 6:20:00 AM   Other Hazardous Movement   VC 21657.0
2 1/2/00 8:10:00 AM           Improper Turning   VC 22107.0
3 1/2/00 3:50:00 PM  Traffic Signals and Signs   VC 21453.A
4 1/2/00 5:42:00 PM Unsafe Starting or Backing   VC 22106.0
5 1/5/00 8:55:00 AM           Improper Turning   VC 22100.B
6 1/6/00 1:05:00 PM   Other Hazardous Movement   VC 21657.0
  hit.and.run involved.with highest.degree.of.injury
1          No       Bicycle        Complaint of Pain
2          No       Bicycle     Other Visible Injury
3          No       Bicycle        Complaint of Pain
4          No       Bicycle     Other Visible Injury
5          No       Bicycle     Other Visible Injury
6          No       Bicycle     Other Visible Injury
  collision.day.of.week party.at.fault number.of.parties
1                Sunday              1                 2
2                Sunday              1                 2
3                Sunday              1                 3
4                Sunday              1                 2
5             Wednesday              1                 2
6              Thursday              1                 2
  number.injured number.killed weather       road.condition
1              1             0   Clear No Unusual Condition
2              1             0   Clear No Unusual Condition
3              1             0   Clear No Unusual Condition
4              1             0   Clear No Unusual Condition
5              1             0   Clear No Unusual Condition
6              1             0   Clear No Unusual Condition
  road.surface.condition             lighting right.of.way.controls
1                    Dry Dark - Street Lights           Functioning
2                    Dry             Daylight                  None
3                    Dry             Daylight           Functioning
4                    Dry Dark - Street Lights                  None
5                    Dry             Daylight           Functioning
6                    Dry             Daylight                  None
  Direction.of.Travel.1 Direction.of.Travel.2 Direction.of.Travel.1.2
1                  West                  East                      NA
2                  East                 North                      NA
3                 North                  East                      NA
4                 North                 South                      NA
5                 South                 South                      NA
6                  West                  West                      NA
  Direction.of.Travel.2.2 Movement.Preceding.Collision.1
1                      NA               Making Left Turn
2                      NA                  Making U Turn
3                      NA               Entering Traffic
4                      NA                        Backing
5                      NA               Making Left Turn
6                      NA            Proceeding Straight
  Movement.Preceding.Collision.2 Party.Type.1 Party.Sex.1 Party.Age.1
1            Traveling Wrong Way       Driver        Male          NA
2            Proceeding Straight       Driver        Male          70
3            Proceeding Straight    Bicyclist        Male          47
4            Proceeding Straight       Driver        Male          32
5            Proceeding Straight    Bicyclist        Male          30
6           Not Applicable - Ped    Bicyclist        Male          24
  party.sobriety.1 Party.Type.2 Party.Sex.2 Party.Age.2
1             HNBD    Bicyclist        Male          NA
2             HNBD    Bicyclist        Male          63
3             HNBD       Driver        Male          46
4             HNBD    Bicyclist        Male          41
5             HNBD       Driver      Female          44
6             HNBD   Pedestrian      Female          45
  party.sobriety.2 Party.Number Party.Type Party.Sex Party.Age
1             HNBD           NA         NA        NA        NA
2             HNBD           NA         NA        NA        NA
3             HNBD           NA         NA        NA        NA
4             HNBD           NA         NA        NA        NA
5             HNBD           NA         NA        NA        NA
6             HNBD           NA         NA        NA        NA
  Number.of.Victims.This.Party Number.Injured.This.Party
1                           NA                        NA
2                           NA                        NA
3                           NA                        NA
4                           NA                        NA
5                           NA                        NA
6                           NA                        NA
  Number.Killed.This.Party Extent.of.Injury Direction.of.Travel
1                       NA               NA                  NA
2                       NA               NA                  NA
3                       NA               NA                  NA
4                       NA               NA                  NA
5                       NA               NA                  NA
6                       NA               NA                  NA
  Movement.Preceding.Collision Party.Sobriety Drugs
1                           NA             NA    NA
2                           NA             NA    NA
3                           NA             NA    NA
4                           NA             NA    NA
5                           NA             NA    NA
6                           NA             NA    NA
  Party.Violation.Category Associated.Cause.1 Associated.Cause.2
1                       NA      None Apparent      None Apparent
2                       NA        None Stated        None Stated
3                       NA        None Stated      None Apparent
4                       NA      None Apparent      None Apparent
5                       NA        None Stated        None Stated
6                       NA        None Stated          Violation
  Associated.Cause.3 Vehicle.Year Vehicle.Make Vehicle.Type city.name
1                 NA           NA           NA           NA        NA
2                 NA           NA           NA           NA        NA
3                 NA           NA           NA           NA        NA
4                 NA           NA           NA           NA        NA
5                 NA           NA           NA           NA        NA
6                 NA           NA           NA           NA        NA
  First.Name Last.Name      pedestrian.action Vehicle.Type.1
1         NA        NA No Pedestrian Involved          Truck
2         NA        NA No Pedestrian Involved  Passenger Car
3         NA        NA No Pedestrian Involved        Bicycle
4         NA        NA No Pedestrian Involved  Passenger Car
5         NA        NA No Pedestrian Involved        Bicycle
6         NA        NA                In Road        Bicycle
  Vehicle.Type.2 Property.Damage.Owner distance.value Utility.Field
1        Bicycle                    NA              0            NA
2        Bicycle                    NA              0            NA
3   Pickup Truck                    NA              0            NA
4        Bicycle                    NA              0            NA
5  Passenger Car                    NA              0            NA
6     Pedestrian                    NA              0            NA
  Custom.Text poi.1 poi.2 Officer.ID Record.Verified       x       y
1          NA    NA    NA      00022              NA 6008464 2113832
2          NA    NA    NA      00866              NA 5982965 2099932
3          NA    NA    NA      02232              NA 6007472 2114039
4          NA    NA    NA      01528              NA 6007075 2101863
5          NA    NA    NA      00125              NA 6004240 2107757
6          NA    NA    NA      00380              NA 6008109 2114823
  YesNo      Node.Number Path                     Segment.Number
1 FALSE 6008466, 2113832   NA 6008466, 2113832, 6007990, 2113766
2 FALSE 5982957, 2100157   NA 5982981, 2099479, 5982957, 2100157
3 FALSE 6007467, 2114038   NA 6007943, 2114104, 6007467, 2114038
4 FALSE 6007064, 2102054   NA 6007097, 2101471, 6007064, 2102054
5 FALSE 6004228, 2107756   NA 6004458, 2107772, 6004228, 2107756
6 FALSE 6007847, 2114787   NA 6008323, 2114853, 6007847, 2114787
> ?as.Date
starting httpd help server ... done
> data$formatDate <- as.Date(as.character(data$date, format="%m/%d/%y"))
Error in charToDate(x) : 
  character string is not in a standard unambiguous format
> data$formatDate <- as.Date(as.character(data$date, format="1/2/00"))
Error in charToDate(x) : 
  character string is not in a standard unambiguous format
> data$formatDate <- as.Date(as.character(data$date, format="m/d/y"))
Error in charToDate(x) : 
  character string is not in a standard unambiguous format
> data$formatDate <- as.Date(as.character(data$date, format="%m-%d-%y"))
Error in charToDate(x) : 
  character string is not in a standard unambiguous format
> data$formatDate <- as.Date(as.character(data$date, format="%m-%d-%y"))
Error in charToDate(x) : 
  character string is not in a standard unambiguous format
> data$formatDate <- as.Date(data$date, format="%m-%d-%y"))
Error: unexpected ')' in "data$formatDate <- as.Date(data$date, format="%m-%d-%y"))"
> data$formatDate <- as.Date(data$date, format="%m-%d-%y")
> head(data$formatDate)
[1] NA NA NA NA NA NA
> head(data)
  Accident.Number Document.Number collision.type Report.Number Primary.Road Secondary.Road Crossing.Number
1    7.306062e+12              NA          Other            NA     Ellis St Leavenworth St               0
2    7.306081e+12              NA          Other            NA     43rd Ave      Rivera St               0
3    7.306155e+12              NA          Other            NA  Ofarrell St      Larkin St               0
4    7.306174e+12              NA          Other            NA   Mission St        24th St               0
5    7.309086e+12              NA          Other            NA      14th St      Market St               0
6    7.310131e+12              NA          Other            NA      Post St        Hyde St               0
                   location intersection.number distance direction   date       time
1 Ellis St & Leavenworth St                   0       2'      West 1/2/00 6:20:00 AM
2      43rd Ave & Rivera St                   0     225'     South 1/2/00 8:10:00 AM
3   Ofarrell St & Larkin St                   0       5'      East 1/2/00 3:50:00 PM
4      Mission St & 24th St                   0     191'     South 1/2/00 5:42:00 PM
5       14th St & Market St                   0      12'     South 1/5/00 8:55:00 AM
6         Post St & Hyde St                   0     265'      East 1/6/00 1:05:00 PM
    primary.collision.factor vc.violation hit.and.run involved.with highest.degree.of.injury
1   Other Hazardous Movement   VC 21657.0          No       Bicycle        Complaint of Pain
2           Improper Turning   VC 22107.0          No       Bicycle     Other Visible Injury
3  Traffic Signals and Signs   VC 21453.A          No       Bicycle        Complaint of Pain
4 Unsafe Starting or Backing   VC 22106.0          No       Bicycle     Other Visible Injury
5           Improper Turning   VC 22100.B          No       Bicycle     Other Visible Injury
6   Other Hazardous Movement   VC 21657.0          No       Bicycle     Other Visible Injury
  collision.day.of.week party.at.fault number.of.parties number.injured number.killed weather
1                Sunday              1                 2              1             0   Clear
2                Sunday              1                 2              1             0   Clear
3                Sunday              1                 3              1             0   Clear
4                Sunday              1                 2              1             0   Clear
5             Wednesday              1                 2              1             0   Clear
6              Thursday              1                 2              1             0   Clear
        road.condition road.surface.condition             lighting right.of.way.controls
1 No Unusual Condition                    Dry Dark - Street Lights           Functioning
2 No Unusual Condition                    Dry             Daylight                  None
3 No Unusual Condition                    Dry             Daylight           Functioning
4 No Unusual Condition                    Dry Dark - Street Lights                  None
5 No Unusual Condition                    Dry             Daylight           Functioning
6 No Unusual Condition                    Dry             Daylight                  None
  Direction.of.Travel.1 Direction.of.Travel.2 Direction.of.Travel.1.2 Direction.of.Travel.2.2
1                  West                  East                      NA                      NA
2                  East                 North                      NA                      NA
3                 North                  East                      NA                      NA
4                 North                 South                      NA                      NA
5                 South                 South                      NA                      NA
6                  West                  West                      NA                      NA
  Movement.Preceding.Collision.1 Movement.Preceding.Collision.2 Party.Type.1 Party.Sex.1 Party.Age.1
1               Making Left Turn            Traveling Wrong Way       Driver        Male          NA
2                  Making U Turn            Proceeding Straight       Driver        Male          70
3               Entering Traffic            Proceeding Straight    Bicyclist        Male          47
4                        Backing            Proceeding Straight       Driver        Male          32
5               Making Left Turn            Proceeding Straight    Bicyclist        Male          30
6            Proceeding Straight           Not Applicable - Ped    Bicyclist        Male          24
  party.sobriety.1 Party.Type.2 Party.Sex.2 Party.Age.2 party.sobriety.2 Party.Number Party.Type Party.Sex
1             HNBD    Bicyclist        Male          NA             HNBD           NA         NA        NA
2             HNBD    Bicyclist        Male          63             HNBD           NA         NA        NA
3             HNBD       Driver        Male          46             HNBD           NA         NA        NA
4             HNBD    Bicyclist        Male          41             HNBD           NA         NA        NA
5             HNBD       Driver      Female          44             HNBD           NA         NA        NA
6             HNBD   Pedestrian      Female          45             HNBD           NA         NA        NA
  Party.Age Number.of.Victims.This.Party Number.Injured.This.Party Number.Killed.This.Party Extent.of.Injury
1        NA                           NA                        NA                       NA               NA
2        NA                           NA                        NA                       NA               NA
3        NA                           NA                        NA                       NA               NA
4        NA                           NA                        NA                       NA               NA
5        NA                           NA                        NA                       NA               NA
6        NA                           NA                        NA                       NA               NA
  Direction.of.Travel Movement.Preceding.Collision Party.Sobriety Drugs Party.Violation.Category
1                  NA                           NA             NA    NA                       NA
2                  NA                           NA             NA    NA                       NA
3                  NA                           NA             NA    NA                       NA
4                  NA                           NA             NA    NA                       NA
5                  NA                           NA             NA    NA                       NA
6                  NA                           NA             NA    NA                       NA
  Associated.Cause.1 Associated.Cause.2 Associated.Cause.3 Vehicle.Year Vehicle.Make Vehicle.Type city.name
1      None Apparent      None Apparent                 NA           NA           NA           NA        NA
2        None Stated        None Stated                 NA           NA           NA           NA        NA
3        None Stated      None Apparent                 NA           NA           NA           NA        NA
4      None Apparent      None Apparent                 NA           NA           NA           NA        NA
5        None Stated        None Stated                 NA           NA           NA           NA        NA
6        None Stated          Violation                 NA           NA           NA           NA        NA
  First.Name Last.Name      pedestrian.action Vehicle.Type.1 Vehicle.Type.2 Property.Damage.Owner
1         NA        NA No Pedestrian Involved          Truck        Bicycle                    NA
2         NA        NA No Pedestrian Involved  Passenger Car        Bicycle                    NA
3         NA        NA No Pedestrian Involved        Bicycle   Pickup Truck                    NA
4         NA        NA No Pedestrian Involved  Passenger Car        Bicycle                    NA
5         NA        NA No Pedestrian Involved        Bicycle  Passenger Car                    NA
6         NA        NA                In Road        Bicycle     Pedestrian                    NA
  distance.value Utility.Field Custom.Text poi.1 poi.2 Officer.ID Record.Verified       x       y YesNo
1              0            NA          NA    NA    NA      00022              NA 6008464 2113832 FALSE
2              0            NA          NA    NA    NA      00866              NA 5982965 2099932 FALSE
3              0            NA          NA    NA    NA      02232              NA 6007472 2114039 FALSE
4              0            NA          NA    NA    NA      01528              NA 6007075 2101863 FALSE
5              0            NA          NA    NA    NA      00125              NA 6004240 2107757 FALSE
6              0            NA          NA    NA    NA      00380              NA 6008109 2114823 FALSE
       Node.Number Path                     Segment.Number formatDate
1 6008466, 2113832   NA 6008466, 2113832, 6007990, 2113766       <NA>
2 5982957, 2100157   NA 5982981, 2099479, 5982957, 2100157       <NA>
3 6007467, 2114038   NA 6007943, 2114104, 6007467, 2114038       <NA>
4 6007064, 2102054   NA 6007097, 2101471, 6007064, 2102054       <NA>
5 6004228, 2107756   NA 6004458, 2107772, 6004228, 2107756       <NA>
6 6007847, 2114787   NA 6008323, 2114853, 6007847, 2114787       <NA>
> data$formatDate <- as.Date(data$date, format="%m/%d/%Y")
> head(formatDate)
Error in head(formatDate) : object 'formatDate' not found
> data$formatDate <- as.Date(as.character(data$date, format="%m/%d/%Y"))
Error in charToDate(x) : 
  character string is not in a standard unambiguous format
> data$formatDate <- as.Date(as.character(data$date, format="%m/%d/%y"))
Error in charToDate(x) : 
  character string is not in a standard unambiguous format
> class(data$date)
[1] "factor"
> data$formatDate <- as.character(data$date)
> head(data$formatDate)
[1] "1/2/00" "1/2/00" "1/2/00" "1/2/00" "1/5/00" "1/6/00"
> data$formatDate <- as.Date(data$date, format="%m/%d/%y")
> head(data$formatDate)
[1] "2000-01-02" "2000-01-02" "2000-01-02" "2000-01-02" "2000-01-05" "2000-01-06"
> class(data$formatDate)
[1] "Date"
> 
> femaleByDate <- aggregate(female$date, list(female$date), length)
> head(femaleByDate)
  Group.1 x
1  1/1/09 1
2 1/10/07 1
3 1/10/11 2
4 1/11/02 1
5 1/12/00 1
6 1/12/06 1
> class(femaleByDate)
[1] "data.frame"
> plot(femaleByDate)
> femaleByDate <- femaleByDate[order(femaleByDate$formatDate, decreasing=FALSE),]
Error in order(femaleByDate$formatDate, decreasing = FALSE) : 
  argument 1 is not a vector
> femaleAccidents <- c("formatDate", "femaleByDate")
> head(femaleAccidents)
[1] "formatDate"   "femaleByDate"
> femaleAccidents <- merge("formatDate", "femaleByDate")
> plot(femaleAccidents)
> class(femaleAccidents)
[1] "data.frame"
> 
> 